[473, 530, 13, 181]
                          #  #                            
                          #  #                            
                          #  #                            
                          #  #                            
                        ###  ####                         
                        #       #                         
                        #       #                         
                        #       #                         
                        #       #                         
                        #       #                         
                        #       #                         
                        #       #                         
                        #########                         
                                                          
                                                          
                                                          
                                                          
              #           #                               
              #############                               
                                                          
                                                          
                                                          
                                                          
                                                          
                      ############                        
                                                          
                                                          
                   #   #                                  
                   #   #                                  
                   #   #                                  
           #########   ####                               
           #              #                               
           #              #                               
           #              #                               
           #              #                               
           #              #                               
           #              #                               
           ################                               
                                                          
                                                          
                         #   #                            
                         #   #                            
                         #   #                            
                         #   #                            
                      ####   #######                      
                      #            #                      
                      #            #                      
                      #            #                      
                      #            #                      
                      #            #                      
                      #            #                      
                      ##############                      
                                                          
                                                          
                                                          
                 #                                        
                 #                                        
                 #                                        
                 #                                        
                 #     #                                  
                 #     #                                  
                 #   # #                                  
                 # # # #                                  
                 # # # #                                  
                 #######                                  
                                                          
                                                          
                     ##############                       
                                                          
                                                          
                                 #    #                   
                                 #    #                   
                              ####    ###                 
                              #         #                 
                              #         #                 
                              ###########                 
                                                          
                                                          
                                                          
                                                          
                                        #                 
                                        # #               
                                        # #               
                                      # # #               
                                      # # #               
                                      # # #               
                                      # # #               
                                      # # #               
                                      #####               
                                                          
                                                          
                                                          
                                                          
                                                          
                                            #             
                                            #             
                                            #             
                                        # # #             
                                        # # #             
                                        # # #             
                                        # # #             
                                        #####             
                                                          
                                                          
                                    ######                
                                                          
                                                          
                                 ###### ######            
                                                          
                                                          
                              ###### ###### ######        
                                                          
                                                          
                           ###### ###### ###### ######    
                                                          
                                                          
                        ###### ###### ###### ###### ######
                                                          
                                                          
                            #####                         
                                                          
                                                          
                         ##### #####                      
                                                          
                                                          
                      ##### ##### #####                   
                                                          
                                                          
                   ##### ##### ##### #####                
                                                          
                                                          
                ##### ##### ##### ##### #####             
                                                          
                                                          
            ######                                        
                                                          
         ###### ######                                    
                                                          
      ###### ###### ######                                
                                                          
   ###### ###### ###### ######                            
                                                          
###### ###### ###### ###### ######                        
                                                          
                                                          
                           #                              
                           ##############                 
                                                          
                                                          
                                      ######              
                                                          
                                                          
                                   ###### ######          
                                                          
                                                          
                                ###### ###### ######      
                                                          
                                                          
                                  #                       
                                  #                       
                                  # #                     
                                  # #                     
                                  # #                     
                                  # # # #                 
                                  # # # #                 
                                  # # # #                 
                                  # # # #                 
                                  # # # #                 
                                  #######                 
